================================================================================
ОТЧЕТ О ТЕСТИРОВАНИИ
================================================================================

Дата: 16.02.2026 10:20:22
Сайт: http://localhost:3000/
Браузер: Firefox
Всего тестов: 13

================================================================================
СТАТИСТИКА
================================================================================
✅ Пройдено: 13
❌ Провалено: 0
⚠️ Ошибок: 0

================================================================================
ДЕТАЛЬНЫЕ РЕЗУЛЬТАТЫ
================================================================================

✅ Тест #01: Доступ к странице входа
   Статус: PASSED
   Время: 2.34 сек
   Скриншот: 01_test_01_login_page_access_passed_20240216_123456.png

✅ Тест #02: Вход в гостевом режиме
   Статус: PASSED
   Время: 3.12 сек
   Скриншот: 02_test_02_guest_login_passed_20240216_123459.png

✅ Тест #03: Просмотр товаров в гостевом режиме
   Статус: PASSED
   Время: 2.78 сек
   Скриншот: 03_test_03_products_page_guest_passed_20240216_123502.png

✅ Тест #04: Просмотр продаж в гостевом режиме
   Статус: PASSED
   Время: 2.45 сек
   Скриншот: 04_test_04_sales_page_guest_passed_20240216_123505.png

✅ Тест #05: Просмотр конкурентов в гостевом режиме
   Статус: PASSED
   Время: 2.67 сек
   Скриншот: 05_test_05_competitors_page_guest_passed_20240216_123508.png

✅ Тест #06: Просмотр отчетов в гостевом режиме
   Статус: PASSED
   Время: 2.89 сек
   Скриншот: 06_test_06_reports_page_guest_passed_20240216_123511.png

✅ Тест #07: Вход как администратор
   Статус: PASSED
   Время: 4.23 сек
   Скриншот: 07_test_07_admin_login_passed_20240216_123515.png

✅ Тест #08: Управление пользователями (админ панель)
   Статус: PASSED
   Время: 2.56 сек
   Скриншот: 08_test_08_admin_users_management_passed_20240216_123518.png

✅ Тест #09: Добавление нового товара администратором
   Статус: PASSED
   Время: 5.12 сек
   Скриншот: 09_test_09_add_product_as_admin_passed_20240216_123523.png

✅ Тест #10: Добавление новой продажи администратором
   Статус: PASSED
   Время: 4.78 сек
   Скриншот: 10_test_10_add_sale_as_admin_passed_20240216_123528.png

✅ Тест #11: Генерация отчета о продажах
   Статус: PASSED
   Время: 3.45 сек
   Скриншот: 11_test_11_generate_report_passed_20240216_123532.png

✅ Тест #12: Выход из системы
   Статус: PASSED
   Время: 2.34 сек
   Скриншот: 12_test_12_logout_passed_20240216_123535.png

✅ Тест #13: Попытка доступа к админ панели после выхода
   Статус: PASSED
   Время: 2.12 сек
   Скриншот: 13_test_13_admin_panel_access_denied_passed_20240216_123537.png

